// Jest Snapshot v1, https://goo.gl/fbAQLP

exports[`Component: TogglePanel should render 1`] = `
<Panel.LEGACY.Section>
  <Stack>
    <Columns>
      <Column
        width={0.6666666666666666}
      />
    </Columns>
    <Columns>
      <Column
        width={0.6666666666666666}
      >
        <LabelledValue
          label="Status"
        >
          <strong>
            Optional
          </strong>
          <p>
            Each user can manage their own two-factor authentication settings.
          </p>
        </LabelledValue>
      </Column>
      <Column
        width={0.3333333333333333}
      >
        <styled.div>
          <Toggle
            id="enforceTfa"
            onChange={[Function]}
          />
        </styled.div>
      </Column>
    </Columns>
  </Stack>
</Panel.LEGACY.Section>
`;
